#
# There is insufficient memory for the Java Runtime Environment to continue.
# Native memory allocation (malloc) failed to allocate 1048576 bytes. Error detail: AllocateHeap
# Possible reasons:
#   The system is out of physical RAM or swap space
#   This process is running with CompressedOops enabled, and the Java Heap may be blocking the growth of the native heap
# Possible solutions:
#   Reduce memory load on the system
#   Increase physical memory or swap space
#   Check if swap backing store is full
#   Decrease Java heap size (-Xmx/-Xms)
#   Decrease number of Java threads
#   Decrease Java thread stack sizes (-Xss)
#   Set larger code cache with -XX:ReservedCodeCacheSize=
#   JVM is running with Unscaled Compressed Oops mode in which the Java heap is
#     placed in the first 4GB address space. The Java Heap base address is the
#     maximum limit for the native heap growth. Please use -XX:HeapBaseMinAddress
#     to set the Java Heap base and to place the Java Heap above 4GB virtual address.
# This output file may be truncated or incomplete.
#
#  Out of Memory Error (allocation.cpp:44), pid=8996, tid=16756
#
# JRE version:  (21.0.12.1+1) (build )
# Java VM: OpenJDK 64-Bit Server VM (21.0.12.1+1-LTS, mixed mode, sharing, tiered, compressed oops, compressed class ptrs, g1 gc, windows-amd64)
# No core dump will be written. Minidumps are not enabled by default on client versions of Windows
#

---------------  S U M M A R Y ------------

Command Line: -Xmx64m -Xms64m -Dorg.gradle.appname=gradlew D:\Documents\GitHub\UVApp\\gradle\wrapper\gradle-wrapper.jar assembleDebug

Host: AMD Ryzen 7 PRO 4750U with Radeon Graphics, 16 cores, 15G,  Windows 10 , 64 bit Build 19041 (10.0.19041.5915)
Time: Thu Oct  8 00:20:43 2026 elapsed time: 0.018687 seconds (0d 0h 0m 0s)

---------------  T H R E A D  ---------------

Current thread (0x000001a630bdeb50):  JavaThread "Unknown thread" [_thread_in_vm, id=16756, stack(0x0000003c2af00000,0x0000003c2b000000) (1024K)]

Stack: [0x0000003c2af00000,0x0000003c2b000000]
Native frames: (J=compiled Java code, j=interpreted, Vv=VM code, C=native code)
V  [jvm.dll+0x6d83e9]
V  [jvm.dll+0x8b5736]
V  [jvm.dll+0x8b7cee]
V  [jvm.dll+0x8b83d3]
V  [jvm.dll+0x284596]
V  [jvm.dll+0xc13c7]
V  [jvm.dll+0x330e95]
V  [jvm.dll+0x87f6af]
V  [jvm.dll+0x3c4fd1]
V  [jvm.dll+0x868905]
V  [jvm.dll+0x458071]
V  [jvm.dll+0x459c61]
C  [jli.dll+0x52dc]
C  [ucrtbase.dll+0x21bb2]
C  [KERNEL32.DLL+0x17374]
C  [ntdll.dll+0x4cc91]


---------------  P R O C E S S  ---------------

Threads class SMR info:
_java_thread_list=0x00007ffcbfb6b208, length=0, elements={
}

Java Threads: ( => current thread )
Total: 0

Other Threads:

=>0x000001a630bdeb50 (exited) JavaThread "Unknown thread"    [_thread_in_vm, id=16756, stack(0x0000003c2af00000,0x0000003c2b000000) (1024K)]
Total: 1

Threads with active compile tasks:
Total: 0

VM state: not at safepoint (not fully initialized)

VM Mutex/Monitor currently owned by a thread: None

Heap address: 0x0000000000000000, size: 0 MB, Compressed Oops mode: 32-bit

CDS archive(s) mapped at: [0x0000000000000000-0x0000000000000000-0x0000000000000000), size 0, SharedBaseAddress: 0x0000000800000000, ArchiveRelocationMode: 1.
Narrow klass base: 0x0000000000000000, Narrow klass shift: 0, Narrow klass range: 0x0

GC Precious Log:
 CardTable entry size: 512
 Card Set container configuration: InlinePtr #cards 5 size 8 Array Of Cards #cards 12 size 40 Howl #buckets 4 coarsen threshold 1843 Howl Bitmap #cards 512 size 80 coarsen threshold 460 Card regions per heap region 1 cards per card region 2048

GC Heap History (0 events):
No events

Dll operation events (2 events):
Event: 0.011 Attempting to load shared library C:\Program Files\Eclipse Adoptium\jdk-21.0.12.101-hotspot\bin\java.dll
Event: 0.011 Loaded shared library C:\Program Files\Eclipse Adoptium\jdk-21.0.12.101-hotspot\bin\java.dll

Deoptimization events (0 events):
No events

Classes loaded (0 events):
No events

Classes unloaded (0 events):
No events

Classes redefined (0 events):
No events

Internal exceptions (0 events):
No events

ZGC Phase Switch (0 events):
No events

VM Operations (0 events):
No events

Memory protections (0 events):
No events

Nmethod flushes (0 events):
No events

Events (0 events):
No events


Dynamic libraries:
0x00007ff7346e0000 - 0x00007ff7346ee000 	C:\Program Files\Eclipse Adoptium\jdk-21.0.12.101-hotspot\bin\java.exe
0x00007ffd44210000 - 0x00007ffd44408000 	C:\Windows\SYSTEM32\ntdll.dll
0x00007ffd43640000 - 0x00007ffd43702000 	C:\Windows\System32\KERNEL32.DLL
0x00007ffd419d0000 - 0x00007ffd41cc6000 	C:\Windows\System32\KERNELBASE.dll
0x00007ffd420a0000 - 0x00007ffd421a0000 	C:\Windows\System32\ucrtbase.dll
0x00007ffd24aa0000 - 0x00007ffd24abe000 	C:\Program Files\Eclipse Adoptium\jdk-21.0.12.101-hotspot\bin\VCRUNTIME140.dll
0x00007ffd2ca50000 - 0x00007ffd2ca68000 	C:\Program Files\Eclipse Adoptium\jdk-21.0.12.101-hotspot\bin\jli.dll
0x00007ffd437c0000 - 0x00007ffd43961000 	C:\Windows\System32\USER32.dll
0x00007ffd41e90000 - 0x00007ffd41eb2000 	C:\Windows\System32\win32u.dll
0x00007ffd28700000 - 0x00007ffd2899b000 	C:\Windows\WinSxS\amd64_microsoft.windows.common-controls_6595b64144ccf1df_6.0.19041.6456_none_60b8a6cb71f64256\COMCTL32.dll
0x00007ffd43bd0000 - 0x00007ffd43bfb000 	C:\Windows\System32\GDI32.dll
0x00007ffd424b0000 - 0x00007ffd4254e000 	C:\Windows\System32\msvcrt.dll
0x00007ffd41d70000 - 0x00007ffd41e89000 	C:\Windows\System32\gdi32full.dll
0x00007ffd41cd0000 - 0x00007ffd41d6d000 	C:\Windows\System32\msvcp_win.dll
0x00007ffd42230000 - 0x00007ffd4225f000 	C:\Windows\System32\IMM32.DLL
0x00007ffd311e0000 - 0x00007ffd311ec000 	C:\Program Files\Eclipse Adoptium\jdk-21.0.12.101-hotspot\bin\vcruntime140_1.dll
0x00007ffd14b90000 - 0x00007ffd14c1d000 	C:\Program Files\Eclipse Adoptium\jdk-21.0.12.101-hotspot\bin\msvcp140.dll
0x00007ffcbef20000 - 0x00007ffcbfcc2000 	C:\Program Files\Eclipse Adoptium\jdk-21.0.12.101-hotspot\bin\server\jvm.dll
0x00007ffd43f90000 - 0x00007ffd44041000 	C:\Windows\System32\ADVAPI32.dll
0x00007ffd44130000 - 0x00007ffd441cf000 	C:\Windows\System32\sechost.dll
0x00007ffd43520000 - 0x00007ffd43640000 	C:\Windows\System32\RPCRT4.dll
0x00007ffd419a0000 - 0x00007ffd419c7000 	C:\Windows\System32\bcrypt.dll
0x00007ffd43af0000 - 0x00007ffd43b5b000 	C:\Windows\System32\WS2_32.dll
0x00007ffd41240000 - 0x00007ffd4128b000 	C:\Windows\SYSTEM32\POWRPROF.dll
0x00007ffd37aa0000 - 0x00007ffd37aaa000 	C:\Windows\SYSTEM32\VERSION.dll
0x00007ffd36c00000 - 0x00007ffd36c27000 	C:\Windows\SYSTEM32\WINMM.dll
0x00007ffd41220000 - 0x00007ffd41232000 	C:\Windows\SYSTEM32\UMPDC.dll
0x00007ffd40000000 - 0x00007ffd40012000 	C:\Windows\SYSTEM32\kernel.appcore.dll
0x00007ffd2ca00000 - 0x00007ffd2ca0a000 	C:\Program Files\Eclipse Adoptium\jdk-21.0.12.101-hotspot\bin\jimage.dll
0x00007ffd3fb50000 - 0x00007ffd3fd51000 	C:\Windows\SYSTEM32\DBGHELP.DLL
0x00007ffd20d00000 - 0x00007ffd20d34000 	C:\Windows\SYSTEM32\dbgcore.DLL
0x00007ffd421a0000 - 0x00007ffd42222000 	C:\Windows\System32\bcryptPrimitives.dll
0x00007ffd21a70000 - 0x00007ffd21a90000 	C:\Program Files\Eclipse Adoptium\jdk-21.0.12.101-hotspot\bin\java.dll

JVMTI agents: none

dbghelp: loaded successfully - version: 4.0.5 - missing functions: none
symbol engine: initialized successfully - sym options: 0x614 - pdb path: .;C:\Program Files\Eclipse Adoptium\jdk-21.0.12.101-hotspot\bin;C:\Windows\SYSTEM32;C:\Windows\WinSxS\amd64_microsoft.windows.common-controls_6595b64144ccf1df_6.0.19041.6456_none_60b8a6cb71f64256;C:\Program Files\Eclipse Adoptium\jdk-21.0.12.101-hotspot\bin\server

VM Arguments:
jvm_args: -Xmx64m -Xms64m -Dorg.gradle.appname=gradlew 
java_command: D:\Documents\GitHub\UVApp\\gradle\wrapper\gradle-wrapper.jar assembleDebug
java_class_path (initial): D:\Documents\GitHub\UVApp\\gradle\wrapper\gradle-wrapper.jar
Launcher Type: SUN_STANDARD

[Global flags]
     intx CICompilerCount                          = 12                                        {product} {ergonomic}
     uint ConcGCThreads                            = 3                                         {product} {ergonomic}
     uint G1ConcRefinementThreads                  = 13                                        {product} {ergonomic}
   size_t G1HeapRegionSize                         = 1048576                                   {product} {ergonomic}
    uintx GCDrainStackTargetSize                   = 64                                        {product} {ergonomic}
   size_t InitialHeapSize                          = 67108864                                  {product} {command line}
   size_t MarkStackSize                            = 4194304                                   {product} {ergonomic}
   size_t MaxHeapSize                              = 67108864                                  {product} {command line}
   size_t MinHeapDeltaBytes                        = 1048576                                   {product} {ergonomic}
   size_t MinHeapSize                              = 67108864                                  {product} {command line}
    uintx NonNMethodCodeHeapSize                   = 7602480                                {pd product} {ergonomic}
    uintx NonProfiledCodeHeapSize                  = 122027880                              {pd product} {ergonomic}
    uintx ProfiledCodeHeapSize                     = 122027880                              {pd product} {ergonomic}
    uintx ReservedCodeCacheSize                    = 251658240                              {pd product} {ergonomic}
     bool SegmentedCodeCache                       = true                                      {product} {ergonomic}
   size_t SoftMaxHeapSize                          = 67108864                               {manageable} {ergonomic}
     bool UseCompressedOops                        = true                           {product lp64_product} {ergonomic}
     bool UseG1GC                                  = true                                      {product} {ergonomic}
     bool UseLargePagesIndividualAllocation        = false                                  {pd product} {ergonomic}

Logging:
Log output configuration:
 #0: stdout all=warning uptime,level,tags foldmultilines=false
 #1: stderr all=off uptime,level,tags foldmultilines=false

Release file:
<release file has not been read>
Environment Variables:
JAVA_HOME=C:\Program Files\Eclipse Adoptium\jdk-21.0.12.101-hotspot\
PATH=C:\Program Files\Eclipse Adoptium\jdk-21.0.12.101-hotspot\bin;C:\Program Files\Eclipse Adoptium\jdk-26.0.2.101-hotspot\bin;C:\Program Files (x86)\NVIDIA Corporation\PhysX\Common;C:\Windows\system32;C:\Windows;C:\Windows\System32\Wbem;C:\Windows\System32\WindowsPowerShell\v1.0\;C:\Windows\System32\OpenSSH\;C:\Program Files\dotnet\;C:\Program Files\Wolfram Research\WolframScript\;C:\Program Files (x86)\dotnet\;C:\Program Files (x86)\Microsoft SQL Server\160\Tools\Binn\;C:\Program Files\Microsoft SQL Server\160\Tools\Binn\;C:\Program Files\Microsoft SQL Server\Client SDK\ODBC\170\Tools\Binn\;C:\Program Files\Microsoft SQL Server\160\DTS\Binn\;D:\Applications\PowerToys\DSCModules\;D:\Applications\nodejs\;D:\Applications\Git\cmd;C:\Users\Jason\.local\bin;D:\Applications\Python\Scripts\;D:\Applications\Python\;D:\Applications\texlive\bin\win32;C:\Users\Jason\AppData\Local\Microsoft\WindowsApps;D:\Applications\Microsoft VS Code\bin;C:\Program Files\Java\jdk-17.0.1\bin;C:\Program Files\Java\jdk-17.0.1\jre\bin;D:\Applications\Python\Scripts;D:\Applications\Haskell\ghcup\bin;D:\Applications\IntelliJ\bin;D:\Applications\PyCharm Community Edition 2024.3.5\bin;D:\Documents\npm\npm-global;C:\Users\Jason\AppData\Local\Microsoft\WinGet\Packages\Typst.Typst_Microsoft.Winget.Source_8wekyb3d8bbwe\typst-x86_64-pc-windows-msvc;C:\Users\Jason\AppData\Local\GitHubDesktop\bin;C:\Users\Jason\.bun\bin;D:\Applications\Obsidian
USERNAME=Jason
OS=Windows_NT
PROCESSOR_IDENTIFIER=AMD64 Family 23 Model 96 Stepping 1, AuthenticAMD
TMP=C:\Users\Jason\AppData\Local\Temp
TEMP=C:\Users\Jason\AppData\Local\Temp




Periodic native trim disabled

---------------  S Y S T E M  ---------------

OS:
 Windows 10 , 64 bit Build 19041 (10.0.19041.5915)
OS uptime: 0 days 9:53 hours
Hyper-V role detected

CPU: total 16 (initial active 16) (16 cores per cpu, 2 threads per core) family 23 model 96 stepping 1 microcode 0x0, cx8, cmov, fxsr, ht, mmx, 3dnowpref, sse, sse2, sse3, ssse3, sse4a, sse4.1, sse4.2, popcnt, lzcnt, tsc, tscinvbit, avx, avx2, aes, clmul, bmi1, bmi2, adx, sha, fma, vzeroupper, clflush, clflushopt, hv, rdtscp, rdpid, f16c
Processor Information for the first 16 processors :
  Max Mhz: 1700, Current Mhz: 1700, Mhz Limit: 1700

Memory: 4k page, system-wide physical 15591M (7250M free)
TotalPageFile size 20860M (AvailPageFile size 4M)
current process WorkingSet (physical memory assigned to process): 10M, peak: 10M
current process commit charge ("private bytes"): 22M, peak: 23M

vm_info: OpenJDK 64-Bit Server VM (21.0.12.1+1-LTS) for windows-amd64 JRE (21.0.12.1+1-LTS), built on 2026-08-18T00:00:00Z by "admin" with MS VC++ 17.12 (VS2022)

END.
